  % Total    % Received % Xferd  Average Speed   Time    Time     Time  Current
                                 Dload  Upload   Total   Spent    Left  Speed
  0     0    0     0    0     0      0      0 --:--:-- --:--:-- --:--:--     0100  182k    0  182k    0     0   702k      0 --:--:-- --:--:-- --:--:--  704k
downloaded_bytes=4035500
canonical_question_count=10513
canonical_english_question_count=10511
{
  "status": "OK",
  "version": "v4",
  "changed": 364,
  "audit": {
    "errors": []
  }
}
{
  "status": "FAILED_QUALITY_GATE",
  "errors": [
    "infinitive transform:GEN-PRS-0617",
    "infinitive transform:GEN-PRS-0621",
    "infinitive transform:GEN-PRS-0629",
    "infinitive transform:GEN-PRS-0633",
    "infinitive transform:GEN-PRS-0637",
    "infinitive transform:GEN-PRS-0641",
    "infinitive transform:GEN-PRS-0645",
    "infinitive transform:GEN-PRS-0649",
    "infinitive transform:GEN-PRS-0653",
    "infinitive transform:GEN-PRS-0657",
    "infinitive transform:GEN-PRS-0661",
    "infinitive transform:GEN-PRS-0665",
    "infinitive transform:GEN-PRS-0669",
    "infinitive transform:GEN-PRS-0673",
    "infinitive transform:GEN-PRS-0677",
    "infinitive transform:GEN-PRS-0745",
    "infinitive transform:GEN-PRS-0749",
    "infinitive transform:GEN-PRS-0757",
    "infinitive transform:GEN-PRS-0761",
    "infinitive transform:GEN-PRS-0765",
    "infinitive transform:GEN-PRS-0769",
    "infinitive transform:GEN-PRS-0773",
    "infinitive transform:GEN-PRS-0777",
    "infinitive transform:GEN-PRS-0781",
    "infinitive transform:GEN-PRS-0785",
    "infinitive transform:GEN-PRS-0789",
    "infinitive transform:GEN-PRS-0793",
    "infinitive transform:GEN-PRS-0797",
    "infinitive transform:GEN-PRS-0801",
    "infinitive transform:GEN-PRS-0805",
    "infinitive transform:GEN-3RD-1049",
    "infinitive transform:GEN-3RD-1053",
    "infinitive transform:GEN-3RD-1057",
    "infinitive transform:GEN-3RD-1061",
    "infinitive transform:GEN-3RD-1065",
    "infinitive transform:GEN-3RD-1069",
    "infinitive transform:GEN-3RD-1073",
    "infinitive transform:GEN-3RD-1077",
    "infinitive transform:GEN-3RD-1081",
    "infinitive transform:GEN-3RD-1085",
    "infinitive transform:GEN-3RD-1089",
    "infinitive transform:GEN-3RD-1093",
    "infinitive transform:GEN-3RD-1097",
    "infinitive transform:GEN-3RD-1101",
    "infinitive transform:GEN-3RD-1105",
    "infinitive transform:GEN-3RD-1109",
    "infinitive transform:GEN-3RD-1177",
    "infinitive transform:GEN-3RD-1181",
    "infinitive transform:GEN-3RD-1185",
    "infinitive transform:GEN-3RD-1189",
    "infinitive transform:GEN-3RD-1193",
    "infinitive transform:GEN-3RD-1197",
    "infinitive transform:GEN-3RD-1201",
    "infinitive transform:GEN-3RD-1205",
    "infinitive transform:GEN-3RD-1209",
    "infinitive transform:GEN-3RD-1213",
    "infinitive transform:GEN-3RD-1217",
    "infinitive transform:GEN-3RD-1221",
    "infinitive transform:GEN-3RD-1225",
    "infinitive transform:GEN-3RD-1229",
    "infinitive transform:GEN-3RD-1233",
    "infinitive transform:GEN-3RD-1237",
    "comparison pronoun:M2-COMP-0651",
    "comparison pronoun:M2-COMP-0654",
    "comparison pronoun:M2-COMP-0657",
    "comparison pronoun:M2-COMP-0660",
    "comparison pronoun:M2-COMP-0663",
    "comparison pronoun:M2-COMP-0665",
    "comparison pronoun:M2-COMP-0667",
    "comparison pronoun:M2-COMP-0669",
    "comparison pronoun:M2-COMP-0671",
    "comparison pronoun:M2-COMP-0673",
    "comparison pronoun:M2-COMP-0675",
    "comparison pronoun:M2-COMP-0677",
    "3sg/gerund template:M2X-GER-0605",
    "comparison pronoun:M2X-COMP-0661",
    "comparison pronoun:M2X-COMP-0663",
    "comparison pronoun:M2X-COMP-0665",
    "comparison pronoun:M2X-COMP-0667",
    "comparison pronoun:M2X-COMP-0669",
    "comparison pronoun:M2X-COMP-0671",
    "comparison pronoun:M2X-COMP-0673",
    "comparison pronoun:M2X-COMP-0675",
    "comparison pronoun:M2X-COMP-0677",
    "comparison pronoun:M2X-COMP-0679",
    "comparison pronoun:M2X-COMP-0681",
    "comparison pronoun:M2X-COMP-0683",
    "comparison pronoun:M2X-COMP-0685",
    "comparison pronoun:M2X-COMP-0687",
    "comparison pronoun:M2X-COMP-0689",
    "comparison pronoun:M2X-COMP-0691",
    "comparison pronoun:M2X-COMP-0693",
    "comparison pronoun:M2X-COMP-0695",
    "comparison pronoun:M2X-COMP-0697",
    "comparison pronoun:M2X-COMP-0699",
    "comparison pronoun:M2X-COMP-0701",
    "comparison pronoun:M2X-COMP-0703",
    "comparison pronoun:M2X-COMP-0705",
    "comparison pronoun:M2X-COMP-0707",
    "comparison pronoun:M2X-COMP-0709",
    "comparison pronoun:M2X-COMP-0711",
    "comparison pronoun:M2X-COMP-0713",
    "comparison pronoun:M2X-COMP-0715",
    "comparison pronoun:M2X-COMP-0717",
    "comparison pronoun:M2X-COMP-0719",
    "comparison pronoun:M2X-COMP-0721",
    "comparison pronoun:M2X-COMP-0723",
    "comparison pronoun:M2X-COMP-0725",
    "comparison pronoun:M2X-COMP-0727",
    "comparison pronoun:M2X-COMP-0729",
    "comparison pronoun:M2X-COMP-0731",
    "3sg/gerund template:M2Y-GER-0329",
    "3sg/gerund template:M2Y-GER-0330",
    "3sg/gerund template:M2Y-GER-0331",
    "duplicate choice:R2-PRON-0067",
    "duplicate choice:F1-PRON-0022",
    "duplicate choice:FF2-PRON-0010"
  ],
  "warnings": [
    "11860 passMeta positions remain 0/-1 and are intentionally blocked until remapped from the latest NH/SS master"
  ],
  "uncertain_vocab_positions": 11860
}
MIKAMI V3 PIPELINE FAILED: Command failed: /opt/hostedtoolcache/node/22.23.2/x64/bin/node tools/fix_mikami_canonical.mjs /tmp/mikami-v3-pipeline-f0qAxC/01-targeted-pre.html /tmp/mikami-v3-pipeline-f0qAxC/02-base.html
MIKAMI V4 PIPELINE FAILED: Command failed: /opt/hostedtoolcache/node/22.23.2/x64/bin/node tools/run_mikami_pipeline_v3.mjs /tmp/mikami-canonical.html /tmp/mikami-v4-pipeline-IubJtS/01-v3.html
