  adding: tools/ (stored 0%)
  adding: tools/run_mikami_pipeline_v3.mjs (deflated 71%)
  adding: tools/repair_gen_pbe_v4.mjs (deflated 63%)
  adding: tools/test_pipeline_v2_full.mjs (deflated 65%)
  adding: tools/audit_vocab_structure.py (deflated 54%)
  adding: tools/test_reading_v3.mjs (deflated 68%)
  adding: tools/test_pipeline_v3_integration.mjs (deflated 72%)
  adding: tools/repair_m3_word_order_v4.mjs (deflated 63%)
  adding: tools/repair_mid_sentence_blank_case_v4.mjs (deflated 55%)
  adding: tools/test_mid_sentence_blank_case_v4.mjs (deflated 48%)
  adding: tools/export_mikami_answer_gpt_knowledge.mjs (deflated 56%)
  adding: tools/validate_mikami_answer_gpt_knowledge.mjs (deflated 63%)
  adding: tools/test_pipeline.mjs (deflated 65%)
  adding: tools/test_m3_infinitive2_v4.mjs (deflated 60%)
  adding: tools/run_mikami_pipeline.mjs (deflated 47%)
  adding: tools/fix_mikami_canonical.mjs (deflated 66%)
  adding: tools/repair_m3c_review_v4.mjs (deflated 67%)
  adding: tools/test_export_mikami_answer_gpt_knowledge.mjs (deflated 59%)
  adding: tools/repair_targeted_patterns_v3.mjs (deflated 48%)
  adding: tools/test_present_perfect_v3.mjs (deflated 66%)
  adding: tools/test_mikami_answer_gpt_assets.mjs (deflated 57%)
  adding: tools/apply_mikami_runtime_gates.mjs (deflated 67%)
  adding: tools/spotcheck_mikami_answer_gpt_knowledge.mjs (deflated 59%)
  adding: tools/repair_present_perfect_v3.mjs (deflated 61%)
  adding: tools/audit_final_canonical.mjs (deflated 64%)
  adding: tools/test_m3_word_order_v4.mjs (deflated 76%)
  adding: tools/repair_infinitive_v3.mjs (deflated 58%)
  adding: tools/repair_m3_infinitive2_v4.mjs (deflated 58%)
  adding: tools/repair_reading_v3.mjs (deflated 43%)
  adding: tools/test_gen_be_v4.mjs (deflated 59%)
  adding: tools/run_mikami_pipeline_v2.mjs (deflated 49%)
  adding: tools/repair_gen_pdid_v4.mjs (deflated 60%)
  adding: tools/test_gen_pdid_v4.mjs (deflated 65%)
  adding: tools/repair_m2_infinitive_bank_v4.mjs (deflated 58%)
  adding: tools/fix_relative_runtime_gate_v4.mjs (deflated 54%)
  adding: tools/run_mikami_pipeline_v4.mjs (deflated 64%)
  adding: tools/repair_gen_be_v4.mjs (deflated 63%)
  adding: tools/test_spotcheck_mikami_answer_gpt_knowledge.mjs (deflated 58%)
  adding: tools/normalize_question_subject_case.mjs (deflated 40%)
  adding: tools/test_infinitive_v3.mjs (deflated 70%)
  adding: tools/test_vocab_coordinate_migration_v7.mjs (deflated 66%)
  adding: tools/test_pipeline_v4_integration.mjs (deflated 52%)
  adding: tools/test_final_canonical_audit.mjs (deflated 48%)
  adding: tools/repair_canonical_preflight_v5.mjs (deflated 58%)
  adding: tools/repair_relative_pronouns_v4.mjs (deflated 62%)
  adding: tools/test_m2_infinitive_bank_v4.mjs (deflated 61%)
  adding: tools/repair_targeted_patterns_v4.mjs (deflated 65%)
  adding: tools/test_m3c_review_v4.mjs (deflated 67%)
  adding: tools/repair_m2_past_v4.mjs (deflated 65%)
  adding: tools/test_fix_mikami_global_quality_v5.mjs (deflated 58%)
  adding: tools/migrate_vocab_coordinates_v7.mjs (deflated 62%)
  adding: tools/test_targeted_patterns_v3.mjs (deflated 74%)
  adding: tools/test_relative_runtime_gate_v4.mjs (deflated 44%)
  adding: tools/extract_vocab_data.mjs (deflated 59%)
  adding: tools/test_targeted_patterns_v4.mjs (deflated 53%)
  adding: tools/test_m3_review.mjs (deflated 66%)
  adding: tools/test_m2_past_v4.mjs (deflated 66%)
  adding: tools/run_mikami_pipeline_v3_resumable.mjs (deflated 67%)
  adding: tools/test_m3_review_v2.mjs (deflated 54%)
  adding: tools/test_relative_pronouns_v4.mjs (deflated 66%)
  adding: tools/test_gen_pbe_v4.mjs (deflated 62%)
  adding: tools/repair_m3_review.mjs (deflated 70%)
  adding: data/ (stored 0%)
  adding: data/old_section_to_v7_rules.json (deflated 75%)
  adding: data/v7_app_sections.json (deflated 73%)
  adding: gpt/ (stored 0%)
  adding: gpt/mikami_answer_analysis_output_schema.json (deflated 80%)
  adding: gpt/README.md (deflated 53%)
  adding: gpt/mikami_answer_analysis_gpt_instructions.md (deflated 53%)
